// Jest Snapshot v1, https://goo.gl/fbAQLP

exports[`renders correctly 1`] = `
<View>
  <Image
    source={
      Object {
        "testUri": "../../../App/Images/School.jpg",
      }
    }
    style={
      Object {
        "borderColor": "#3E2723",
        "height": 250,
        "width": 750,
      }
    }
  />
  <View
    style={
      Object {
        "alignItems": "center",
        "bottom": 0,
        "flex": 1,
        "flexDirection": "column",
        "justifyContent": "center",
        "left": 0,
        "position": "absolute",
        "right": 0,
        "top": 10,
      }
    }
  >
    <Text
      accessible={true}
      allowFontScaling={true}
      ellipsizeMode="tail"
      style={
        Object {
          "color": "black",
          "fontFamily": "Lato-Regular",
          "fontSize": 27,
          "fontWeight": "bold",
          "textAlign": "center",
        }
      }
    >
      Welcome back, 
      Test
    </Text>
    <View
      style={
        Object {
          "padding": 20,
        }
      }
    />
    <View>
      <Text
        accessible={true}
        allowFontScaling={true}
        ellipsizeMode="tail"
        style={
          Object {
            "color": "black",
            "fontFamily": "OpenSans-Regular",
            "fontSize": 15,
            "textAlign": "center",
          }
        }
      >
        Today is 
        Friday, December 1st
      </Text>
      <Text
        accessible={true}
        allowFontScaling={true}
        ellipsizeMode="tail"
        style={
          Object {
            "color": "black",
            "fontFamily": "OpenSans-Regular",
            "fontSize": 15,
            "textAlign": "center",
          }
        }
      >
        The next Support Seminar is 
        4 hours
      </Text>
    </View>
  </View>
</View>
`;
